This file contains any messages produced by compilers while
running configure, to aid debugging if configure makes a mistake.

It was created by configure, which was
generated by GNU Autoconf 2.69.  Invocation command line was

  $ ./configure 

## --------- ##
## Platform. ##
## --------- ##

hostname = CNXMDNIOUB01
uname -m = x86_64
uname -r = 4.4.0-131-generic
uname -s = Linux
uname -v = #157-Ubuntu SMP Thu Jul 12 15:51:36 UTC 2018

/usr/bin/uname -p = unknown
/bin/uname -X     = unknown

/bin/arch              = unknown
/usr/bin/arch -k       = unknown
/usr/convex/getsysinfo = unknown
/usr/bin/hostinfo      = unknown
/bin/machine           = unknown
/usr/bin/oslevel       = unknown
/bin/universe          = unknown

PATH: /usr/lib/jvm/default-java/bin
PATH: /usr/lib/jvm/default-java/bin
PATH: /usr/local/sbin
PATH: /usr/local/bin
PATH: /usr/sbin
PATH: /usr/bin
PATH: /sbin
PATH: /bin
PATH: /snap/bin
PATH: /usr/lib/git-core
PATH: /usr/lib/git-core


## ----------- ##
## Core tests. ##
## ----------- ##

configure:1714: checking for xsltproc
configure:1730: found /usr/bin/xsltproc
configure:1741: result: xsltproc
configure:1765: checking for rm
configure:1781: found /bin/rm
configure:1792: result: rm
configure:1816: checking for inkscape
configure:1846: result: no
configure:1867: checking for inkscape
configure:1897: result: no
configure:1918: checking for inkscape
configure:1948: result: no
configure:1969: checking for inkscape
configure:1999: result: no
configure:2020: checking for inkscape
configure:2050: result: no
configure:2071: checking for inkscape
configure:2101: result: no
configure:2122: checking for inkscape
configure:2152: result: no
configure:2174: checking for pngtopnm
configure:2204: result: no
configure:2225: checking for pnmtops
configure:2255: result: no
configure:2276: checking for dblatex
configure:2292: found /usr/bin/dblatex
configure:2303: result: dblatex
configure:2327: checking for plucker-build
configure:2357: result: no
configure:2378: checking for html2text
configure:2408: result: no
configure:2429: checking for perl
configure:2445: found /usr/bin/perl
configure:2456: result: perl
configure:2480: checking for xmllint
configure:2496: found /usr/bin/xmllint
configure:2507: result: xmllint
configure:2531: checking for docbook2x-texi
configure:2561: result: no
configure:2582: checking for makeinfo
configure:2612: result: no
configure:2629: result: 
configure:2631: result: Summary:
configure:2633: result: --------------
configure:2660: result: Building the LaTeX versions requires : inkscape 
configure:2674: result: Building the HTML versions requires : inkscape 
configure:2688: result: Building the HTML Help versions requires : inkscape 
configure:2730: result: Building the pearson-compatible XML requires : inkscape 
configure:2744: result: Building the plucker versions requires : inkscape plucker-build inkscape 
configure:2772: result: Building the TexInfo versions requires : docbook2x-texi 
configure:2786: result: Building the TexInfo Info versions requires : makeinfo 
configure:2814: result: Building the text versions requires : html2text inkscape 
configure:2822: result: You will be able to build:   htmlman manpages  undocumented
configure:2980: creating ./config.status

## ---------------------- ##
## Running config.status. ##
## ---------------------- ##

This file was extended by config.status, which was
generated by GNU Autoconf 2.69.  Invocation command line was

  CONFIG_FILES    = 
  CONFIG_HEADERS  = 
  CONFIG_LINKS    = 
  CONFIG_COMMANDS = 
  $ ./config.status 

on CNXMDNIOUB01

config.status:728: creating Makefile.settings
config.status:728: creating build/catalog.xml

## ---------------- ##
## Cache variables. ##
## ---------------- ##

ac_cv_env_build_alias_set=
ac_cv_env_build_alias_value=
ac_cv_env_host_alias_set=
ac_cv_env_host_alias_value=
ac_cv_env_target_alias_set=
ac_cv_env_target_alias_value=
ac_cv_prog_DBLATEX=dblatex
ac_cv_prog_PERL=perl
ac_cv_prog_RM=rm
ac_cv_prog_XMLLINT=xmllint
ac_cv_prog_XSLTPROC=xsltproc

## ----------------- ##
## Output variables. ##
## ----------------- ##

DB2TEXI=''
DBLATEX='dblatex'
DEFS='-DPACKAGE_NAME=\"\" -DPACKAGE_TARNAME=\"\" -DPACKAGE_VERSION=\"\" -DPACKAGE_STRING=\"\" -DPACKAGE_BUGREPORT=\"\" -DPACKAGE_URL=\"\"'
DOC_BUILD_DATE='13-11-2020'
ECHO_C=''
ECHO_N='-n'
ECHO_T=''
HTML2TEXT=''
INKSCAPE=''
LATEX_DOCUMENTCLASS_OPTIONS='letterpaper,11pt,openright,twoside'
LIBOBJS=''
LIBS=''
LTLIBOBJS=''
MAKEINFO=''
PACKAGE_BUGREPORT=''
PACKAGE_NAME=''
PACKAGE_STRING=''
PACKAGE_TARNAME=''
PACKAGE_URL=''
PACKAGE_VERSION=''
PATH_SEPARATOR=':'
PERL='perl'
PLUCKERBUILD=''
PNGTOPNM=''
PNMTOPS=''
RM='rm'
SHELL='/bin/bash'
TARGETS='  htmlman manpages  undocumented'
XMLLINT='xmllint'
XSLTPROC='xsltproc'
bindir='${exec_prefix}/bin'
build_alias=''
datadir='${datarootdir}'
datarootdir='${prefix}/share'
docdir='${datarootdir}/doc/${PACKAGE}'
dvidir='${docdir}'
exec_prefix='${prefix}'
host_alias=''
htmldir='${docdir}'
includedir='${prefix}/include'
infodir='${datarootdir}/info'
libdir='${exec_prefix}/lib'
libexecdir='${exec_prefix}/libexec'
localedir='${datarootdir}/locale'
localstatedir='${prefix}/var'
mandir='${datarootdir}/man'
oldincludedir='/usr/include'
pdfdir='${docdir}'
prefix='/usr/local'
program_transform_name='s,x,x,'
psdir='${docdir}'
runstatedir='${localstatedir}/run'
sbindir='${exec_prefix}/sbin'
sharedstatedir='${prefix}/com'
sysconfdir='${prefix}/etc'
target_alias=''

## ----------- ##
## confdefs.h. ##
## ----------- ##

/* confdefs.h */
#define PACKAGE_NAME ""
#define PACKAGE_TARNAME ""
#define PACKAGE_VERSION ""
#define PACKAGE_STRING ""
#define PACKAGE_BUGREPORT ""
#define PACKAGE_URL ""

configure: exit 0
